// Jest Snapshot v1, https://goo.gl/fbAQLP

exports[`renders correctly 1`] = `
<div
  style={
    Object {
      "flex": 1,
    }
  }
>
  <canvas
    height={0}
    style={
      Object {
        "flex": 1,
        "height": 0,
        "width": 0,
      }
    }
    width={0}
  />
</div>
`;
